../Core/Src/main.c:296:5:main	72	static,ignoring_inline_asm
../Core/Src/main.c:483:6:SystemClock_Config	88	static
../Core/Src/main.c:537:13:MX_I2C1_Init	8	static
../Core/Src/main.c:585:13:MX_I2S1_Init	8	static
../Core/Src/main.c:617:13:MX_RTC_Init	72	static
../Core/Src/main.c:715:13:MX_SPI2_Init	8	static
../Core/Src/main.c:755:13:MX_TIM2_Init	48	static
../Core/Src/main.c:804:13:MX_TIM14_Init	8	static
../Core/Src/main.c:835:13:MX_TIM16_Init	8	static
../Core/Src/main.c:865:13:MX_DMA_Init	16	static
../Core/Src/main.c:886:13:MX_GPIO_Init	56	static
../Core/Src/main.c:980:19:updateAndDisplayTime	32	static
../Core/Src/main.c:1007:19:updateAndDisplayAlarm	32	static
../Core/Src/main.c:1036:6:HAL_RTC_AlarmAEventCallback	64	static
../Core/Src/main.c:1071:6:userAlarmBeep	16	static
../Core/Src/main.c:1155:6:HAL_GPIO_EXTI_Falling_Callback	32	static,ignoring_inline_asm
../Core/Src/main.c:1211:6:HAL_GPIO_EXTI_Rising_Callback	16	static
../Core/Src/main.c:1227:6:HAL_TIM_PeriodElapsedCallback	16	static
../Core/Src/main.c:1240:19:displayButtonISR	16	static
../Core/Src/main.c:1261:19:alarmEnableISR	16	static,ignoring_inline_asm
../Core/Src/main.c:1296:19:alarmSetISR	16	static
../Core/Src/main.c:1386:19:hourSetISR	16	static
../Core/Src/main.c:1418:19:minuteSetISR	56	static
../Core/Src/main.c:1465:19:timeFormatSwitchISR	16	static
../Core/Src/main.c:1486:6:alarmHourInc	8	static,ignoring_inline_asm
../Core/Src/main.c:1515:6:currHourInc	8	static,ignoring_inline_asm
../Core/Src/main.c:1547:6:alarmMinuteInc	8	static,ignoring_inline_asm
../Core/Src/main.c:1572:6:currMinuteInc	8	static,ignoring_inline_asm
../Core/Src/main.c:1602:6:dispFault	8	static
../Core/Src/main.c:1609:6:dispFailure	16	static
../Core/Src/main.c:1639:6:updateRTCBackupReg	8	static
../Core/Src/main.c:1647:17:conv2Mil	48	static
../Core/Src/main.c:1677:6:Error_Handler	8	static,ignoring_inline_asm
