../Core/Src/main.c:263:5:main	72	static,ignoring_inline_asm
../Core/Src/main.c:449:6:SystemClock_Config	88	static
../Core/Src/main.c:503:13:MX_I2C1_Init	8	static
../Core/Src/main.c:551:13:MX_I2S1_Init	8	static
../Core/Src/main.c:583:13:MX_RTC_Init	56	static
../Core/Src/main.c:682:13:MX_SPI2_Init	8	static
../Core/Src/main.c:722:13:MX_TIM2_Init	48	static
../Core/Src/main.c:771:13:MX_TIM14_Init	8	static
../Core/Src/main.c:802:13:MX_TIM16_Init	8	static
../Core/Src/main.c:834:13:MX_GPIO_Init	56	static
../Core/Src/main.c:928:19:updateAndDisplayTime	16	static
../Core/Src/main.c:965:19:updateAndDisplayAlarm	16	static
../Core/Src/main.c:982:6:HAL_RTC_AlarmAEventCallback	64	static
../Core/Src/main.c:1017:6:userAlarmBeep	16	static
../Core/Src/main.c:1102:6:HAL_GPIO_EXTI_Falling_Callback	32	static,ignoring_inline_asm
../Core/Src/main.c:1158:6:HAL_GPIO_EXTI_Rising_Callback	16	static
../Core/Src/main.c:1174:6:HAL_TIM_PeriodElapsedCallback	16	static
../Core/Src/main.c:1187:19:displayButtonISR	16	static
../Core/Src/main.c:1208:19:alarmEnableISR	16	static,ignoring_inline_asm
../Core/Src/main.c:1243:19:alarmSetISR	16	static
../Core/Src/main.c:1333:19:hourSetISR	16	static
../Core/Src/main.c:1365:19:minuteSetISR	56	static
../Core/Src/main.c:1412:19:timeFormatSwitchISR	16	static
../Core/Src/main.c:1433:6:alarmHourInc	8	static,ignoring_inline_asm
../Core/Src/main.c:1462:6:currHourInc	8	static,ignoring_inline_asm
../Core/Src/main.c:1494:6:alarmMinuteInc	8	static,ignoring_inline_asm
../Core/Src/main.c:1519:6:currMinuteInc	8	static,ignoring_inline_asm
../Core/Src/main.c:1549:6:dispFault	8	static
../Core/Src/main.c:1556:6:dispFailure	16	static
../Core/Src/main.c:1586:6:updateRTCBackupReg	8	static
../Core/Src/main.c:1602:6:Error_Handler	8	static,ignoring_inline_asm
