../Core/Src/main.c:263:5:main	72	static,ignoring_inline_asm
../Core/Src/main.c:446:6:SystemClock_Config	88	static
../Core/Src/main.c:500:13:MX_I2C1_Init	8	static
../Core/Src/main.c:548:13:MX_I2S1_Init	8	static
../Core/Src/main.c:580:13:MX_RTC_Init	56	static
../Core/Src/main.c:679:13:MX_SPI2_Init	8	static
../Core/Src/main.c:719:13:MX_TIM2_Init	48	static
../Core/Src/main.c:768:13:MX_TIM14_Init	8	static
../Core/Src/main.c:799:13:MX_TIM16_Init	8	static
../Core/Src/main.c:831:13:MX_GPIO_Init	56	static
../Core/Src/main.c:925:19:updateAndDisplayTime	16	static
../Core/Src/main.c:941:19:updateAndDisplayAlarm	16	static
../Core/Src/main.c:958:6:HAL_RTC_AlarmAEventCallback	64	static
../Core/Src/main.c:993:6:userAlarmBeep	16	static
../Core/Src/main.c:1078:6:HAL_GPIO_EXTI_Falling_Callback	32	static,ignoring_inline_asm
../Core/Src/main.c:1134:6:HAL_GPIO_EXTI_Rising_Callback	16	static
../Core/Src/main.c:1150:6:HAL_TIM_PeriodElapsedCallback	16	static
../Core/Src/main.c:1163:19:displayButtonISR	16	static
../Core/Src/main.c:1184:19:alarmEnableISR	16	static,ignoring_inline_asm
../Core/Src/main.c:1219:19:alarmSetISR	16	static
../Core/Src/main.c:1309:19:hourSetISR	16	static
../Core/Src/main.c:1341:19:minuteSetISR	56	static
../Core/Src/main.c:1388:19:timeFormatSwitchISR	24	static
../Core/Src/main.c:1420:6:alarmHourInc	8	static,ignoring_inline_asm
../Core/Src/main.c:1449:6:currHourInc	8	static,ignoring_inline_asm
../Core/Src/main.c:1481:6:alarmMinuteInc	8	static,ignoring_inline_asm
../Core/Src/main.c:1506:6:currMinuteInc	8	static,ignoring_inline_asm
../Core/Src/main.c:1536:6:dispFault	8	static
../Core/Src/main.c:1543:6:dispFailure	16	static
../Core/Src/main.c:1573:6:updateRTCBackupReg	8	static
../Core/Src/main.c:1589:6:Error_Handler	8	static,ignoring_inline_asm
