../Core/Src/main.c:257:5:main	72	static,ignoring_inline_asm
../Core/Src/main.c:434:6:SystemClock_Config	88	static
../Core/Src/main.c:488:13:MX_I2C1_Init	8	static
../Core/Src/main.c:536:13:MX_I2S1_Init	8	static
../Core/Src/main.c:568:13:MX_RTC_Init	56	static
../Core/Src/main.c:667:13:MX_SPI2_Init	8	static
../Core/Src/main.c:707:13:MX_TIM2_Init	48	static
../Core/Src/main.c:756:13:MX_TIM14_Init	8	static
../Core/Src/main.c:787:13:MX_TIM16_Init	8	static
../Core/Src/main.c:819:13:MX_GPIO_Init	56	static
../Core/Src/main.c:913:19:updateAndDisplayTime	16	static
../Core/Src/main.c:929:19:updateAndDisplayAlarm	16	static
../Core/Src/main.c:946:6:HAL_RTC_AlarmAEventCallback	64	static
../Core/Src/main.c:981:6:userAlarmBeep	16	static
../Core/Src/main.c:1066:6:HAL_GPIO_EXTI_Falling_Callback	32	static,ignoring_inline_asm
../Core/Src/main.c:1122:6:HAL_TIM_PeriodElapsedCallback	16	static
../Core/Src/main.c:1135:19:displayButtonISR	16	static
../Core/Src/main.c:1158:19:alarmEnableISR	16	static,ignoring_inline_asm
../Core/Src/main.c:1191:19:alarmSetISR	16	static
../Core/Src/main.c:1279:19:hourSetISR	16	static
../Core/Src/main.c:1310:19:minuteSetISR	56	static
../Core/Src/main.c:1357:6:alarmHourInc	8	static,ignoring_inline_asm
../Core/Src/main.c:1386:6:currHourInc	8	static,ignoring_inline_asm
../Core/Src/main.c:1418:6:alarmMinuteInc	8	static,ignoring_inline_asm
../Core/Src/main.c:1443:6:currMinuteInc	8	static,ignoring_inline_asm
../Core/Src/main.c:1473:6:dispFault	8	static
../Core/Src/main.c:1480:6:dispFailure	16	static
../Core/Src/main.c:1510:6:updateRTCBackupReg	8	static
../Core/Src/main.c:1526:6:Error_Handler	8	static,ignoring_inline_asm
