../Core/Src/main.c:311:5:main	72	static,ignoring_inline_asm
../Core/Src/main.c:503:6:SystemClock_Config	88	static
../Core/Src/main.c:557:13:MX_I2C1_Init	8	static
../Core/Src/main.c:605:13:MX_I2S1_Init	8	static
../Core/Src/main.c:637:13:MX_RTC_Init	48	static
../Core/Src/main.c:735:13:MX_SPI2_Init	8	static
../Core/Src/main.c:775:13:MX_TIM2_Init	48	static
../Core/Src/main.c:824:13:MX_TIM14_Init	8	static
../Core/Src/main.c:855:13:MX_TIM16_Init	8	static
../Core/Src/main.c:885:13:MX_DMA_Init	16	static
../Core/Src/main.c:906:13:MX_GPIO_Init	56	static
../Core/Src/main.c:1000:19:updateAndDisplayTime	32	static
../Core/Src/main.c:1027:19:updateAndDisplayAlarm	32	static
../Core/Src/main.c:1056:6:HAL_RTC_AlarmAEventCallback	64	static
../Core/Src/main.c:1091:6:userAlarmBeep	16	static
../Core/Src/main.c:1176:6:HAL_GPIO_EXTI_Falling_Callback	32	static,ignoring_inline_asm
../Core/Src/main.c:1232:6:HAL_GPIO_EXTI_Rising_Callback	16	static
../Core/Src/main.c:1248:6:HAL_TIM_PeriodElapsedCallback	16	static
../Core/Src/main.c:1261:19:displayButtonISR	16	static
../Core/Src/main.c:1282:19:alarmEnableISR	16	static,ignoring_inline_asm
../Core/Src/main.c:1317:19:alarmSetISR	16	static
../Core/Src/main.c:1407:19:hourSetISR	16	static
../Core/Src/main.c:1439:19:minuteSetISR	56	static
../Core/Src/main.c:1486:19:timeFormatSwitchISR	16	static
../Core/Src/main.c:1507:6:alarmHourInc	8	static,ignoring_inline_asm
../Core/Src/main.c:1536:6:currHourInc	8	static,ignoring_inline_asm
../Core/Src/main.c:1568:6:alarmMinuteInc	8	static,ignoring_inline_asm
../Core/Src/main.c:1593:6:currMinuteInc	8	static,ignoring_inline_asm
../Core/Src/main.c:1623:6:dispFault	8	static
../Core/Src/main.c:1630:6:dispFailure	16	static
../Core/Src/main.c:1660:6:updateRTCBackupReg	8	static
../Core/Src/main.c:1672:17:conv2Mil	48	static
../Core/Src/main.c:1698:6:startAudioStream	8	static
../Core/Src/main.c:1708:6:stopAudioStream	8	static
../Core/Src/main.c:1720:6:Error_Handler	8	static,ignoring_inline_asm
