../Core/Src/main.c:268:5:main	72	static,ignoring_inline_asm
../Core/Src/main.c:454:6:SystemClock_Config	88	static
../Core/Src/main.c:508:13:MX_I2C1_Init	8	static
../Core/Src/main.c:556:13:MX_I2S1_Init	8	static
../Core/Src/main.c:588:13:MX_RTC_Init	56	static
../Core/Src/main.c:687:13:MX_SPI2_Init	8	static
../Core/Src/main.c:727:13:MX_TIM2_Init	48	static
../Core/Src/main.c:776:13:MX_TIM14_Init	8	static
../Core/Src/main.c:807:13:MX_TIM16_Init	8	static
../Core/Src/main.c:839:13:MX_GPIO_Init	56	static
../Core/Src/main.c:933:19:updateAndDisplayTime	32	static
../Core/Src/main.c:960:19:updateAndDisplayAlarm	32	static
../Core/Src/main.c:989:6:HAL_RTC_AlarmAEventCallback	64	static
../Core/Src/main.c:1024:6:userAlarmBeep	16	static
../Core/Src/main.c:1109:6:HAL_GPIO_EXTI_Falling_Callback	32	static,ignoring_inline_asm
../Core/Src/main.c:1165:6:HAL_GPIO_EXTI_Rising_Callback	16	static
../Core/Src/main.c:1181:6:HAL_TIM_PeriodElapsedCallback	16	static
../Core/Src/main.c:1194:19:displayButtonISR	16	static
../Core/Src/main.c:1215:19:alarmEnableISR	16	static,ignoring_inline_asm
../Core/Src/main.c:1250:19:alarmSetISR	16	static
../Core/Src/main.c:1340:19:hourSetISR	16	static
../Core/Src/main.c:1372:19:minuteSetISR	56	static
../Core/Src/main.c:1419:19:timeFormatSwitchISR	16	static
../Core/Src/main.c:1440:6:alarmHourInc	8	static,ignoring_inline_asm
../Core/Src/main.c:1469:6:currHourInc	8	static,ignoring_inline_asm
../Core/Src/main.c:1501:6:alarmMinuteInc	8	static,ignoring_inline_asm
../Core/Src/main.c:1526:6:currMinuteInc	8	static,ignoring_inline_asm
../Core/Src/main.c:1556:6:dispFault	8	static
../Core/Src/main.c:1563:6:dispFailure	16	static
../Core/Src/main.c:1593:6:updateRTCBackupReg	8	static
../Core/Src/main.c:1601:17:conv2Mil	48	static
../Core/Src/main.c:1631:6:Error_Handler	8	static,ignoring_inline_asm
