../Core/Src/main.c:318:5:main	96	static,ignoring_inline_asm
../Core/Src/main.c:497:6:SystemClock_Config	88	static
../Core/Src/main.c:551:13:MX_I2C1_Init	8	static
../Core/Src/main.c:599:13:MX_I2S1_Init	8	static
../Core/Src/main.c:631:13:MX_RTC_Init	48	static
../Core/Src/main.c:729:13:MX_SPI2_Init	8	static
../Core/Src/main.c:769:13:MX_TIM2_Init	48	static
../Core/Src/main.c:818:13:MX_TIM14_Init	8	static
../Core/Src/main.c:849:13:MX_TIM16_Init	8	static
../Core/Src/main.c:879:13:MX_DMA_Init	16	static
../Core/Src/main.c:900:13:MX_GPIO_Init	56	static
../Core/Src/main.c:994:19:updateAndDisplayTime	32	static
../Core/Src/main.c:1021:19:updateAndDisplayAlarm	32	static
../Core/Src/main.c:1050:6:HAL_RTC_AlarmAEventCallback	64	static
../Core/Src/main.c:1085:6:userAlarmBeep	16	static
../Core/Src/main.c:1170:6:HAL_GPIO_EXTI_Falling_Callback	32	static,ignoring_inline_asm
../Core/Src/main.c:1226:6:HAL_GPIO_EXTI_Rising_Callback	16	static
../Core/Src/main.c:1242:6:HAL_TIM_PeriodElapsedCallback	16	static
../Core/Src/main.c:1255:19:displayButtonISR	16	static
../Core/Src/main.c:1276:19:alarmEnableISR	16	static,ignoring_inline_asm
../Core/Src/main.c:1311:19:alarmSetISR	16	static
../Core/Src/main.c:1401:19:hourSetISR	16	static
../Core/Src/main.c:1433:19:minuteSetISR	56	static
../Core/Src/main.c:1480:19:timeFormatSwitchISR	16	static
../Core/Src/main.c:1501:6:alarmHourInc	8	static,ignoring_inline_asm
../Core/Src/main.c:1530:6:currHourInc	8	static,ignoring_inline_asm
../Core/Src/main.c:1562:6:alarmMinuteInc	8	static,ignoring_inline_asm
../Core/Src/main.c:1587:6:currMinuteInc	8	static,ignoring_inline_asm
../Core/Src/main.c:1617:6:dispFault	8	static
../Core/Src/main.c:1624:6:dispFailure	16	static
../Core/Src/main.c:1654:6:updateRTCBackupReg	8	static
../Core/Src/main.c:1666:17:conv2Mil	48	static
../Core/Src/main.c:1692:6:startAudioStream	8	static
../Core/Src/main.c:1705:6:stopAudioStream	8	static
../Core/Src/main.c:1717:6:Error_Handler	8	static,ignoring_inline_asm
